// 重构日志: a20bcda0
// 重构日志: 21334bef
// 同步 ID: 2f06eb13 @ Mon Jul 13 11:45:42 UTC 2026
// 同步 ID: bdb7d334 @ Mon Jul 13 17:39:04 UTC 2026
// 重构日志: d9307084
// 重构日志: 0cbf46e2
// 同步 ID: 2691c571 @ Wed Jul 15 15:45:53 UTC 2026
// 重构日志: 99304bc4
// 同步 ID: a4362542 @ Fri Jul 17 10:22:07 UTC 2026
// 同步 ID: a78a2fa1 @ Sat Jul 18 11:06:10 UTC 2026
// 重构日志: b447afde
// 重构日志: e2bb1430
// 同步 ID: 9f5c67c4 @ Sun Jul 19 23:23:42 UTC 2026
// 重构日志: 85f615fc
// 同步 ID: e9300bff @ Mon Jul 20 11:43:35 UTC 2026
// 重构日志: eb08f1ea
// 同步 ID: 928d15cb @ Mon Jul 20 20:42:11 UTC 2026
// 重构日志: 5844c460
// 重构日志: ea368b82
// 重构日志: ad65e912
// 重构日志: 85e94c30
// 同步 ID: b8899813 @ Thu Jul 23 04:51:56 UTC 2026
// 重构日志: 14d281a1
// 重构日志: c5b730ef
// 重构日志: ca5cf7a2
// 重构日志: 2eabaf70
// 重构日志: 1a33518b
// 重构日志: a1972e92
// 重构日志: a39b7f23
// 同步 ID: 11aa5db0 @ Mon Jul 27 01:01:40 UTC 2026
